Archive member included to satisfy reference by file (symbol)

d:/7.0/toolchain/avr8/avr8-gnu-toolchain/bin/../lib/gcc/avr/5.4.0/avr5\libgcc.a(_exit.o)
                              D:/7.0/Packs/atmel/ATmega_DFP/1.7.374/gcc/dev/atmega32a/avr5/crtatmega32a.o (exit)
d:/7.0/toolchain/avr8/avr8-gnu-toolchain/bin/../lib/gcc/avr/5.4.0/avr5\libgcc.a(_copy_data.o)
                              Aplication/App1.o (__do_copy_data)
d:/7.0/toolchain/avr8/avr8-gnu-toolchain/bin/../lib/gcc/avr/5.4.0/avr5\libgcc.a(_clear_bss.o)
                              Aplication/App1.o (__do_clear_bss)

Discarded input sections

 .data          0x00000000        0x0 D:/7.0/Packs/atmel/ATmega_DFP/1.7.374/gcc/dev/atmega32a/avr5/crtatmega32a.o
 .bss           0x00000000        0x0 D:/7.0/Packs/atmel/ATmega_DFP/1.7.374/gcc/dev/atmega32a/avr5/crtatmega32a.o
 .text          0x00000000        0x0 Aplication/App1.o
 .data          0x00000000        0x0 Aplication/App1.o
 .bss           0x00000000        0x0 Aplication/App1.o
 .text          0x00000000        0x0 HAL/button/button.o
 .data          0x00000000        0x0 HAL/button/button.o
 .bss           0x00000000        0x0 HAL/button/button.o
 .text.HBUTTON_u8inti
                0x00000000       0x58 HAL/button/button.o
 .text.HBUTTON_u8Read
                0x00000000       0x22 HAL/button/button.o
 .debug_info    0x00000000      0x1cb HAL/button/button.o
 .debug_abbrev  0x00000000       0xec HAL/button/button.o
 .debug_loc     0x00000000      0x15f HAL/button/button.o
 .debug_aranges
                0x00000000       0x28 HAL/button/button.o
 .debug_ranges  0x00000000       0x18 HAL/button/button.o
 .debug_line    0x00000000      0x143 HAL/button/button.o
 .debug_str     0x00000000      0x237 HAL/button/button.o
 .comment       0x00000000       0x31 HAL/button/button.o
 .debug_frame   0x00000000       0x40 HAL/button/button.o
 .text          0x00000000        0x0 HAL/LED/LED.o
 .data          0x00000000        0x0 HAL/LED/LED.o
 .bss           0x00000000        0x0 HAL/LED/LED.o
 .text.HLED_u8On
                0x00000000       0x20 HAL/LED/LED.o
 .text.HLED_u8Off
                0x00000000       0x20 HAL/LED/LED.o
 .text.HLED_u8Toggle
                0x00000000       0x1e HAL/LED/LED.o
 .text          0x00000000        0x0 main.o
 .data          0x00000000        0x0 main.o
 .bss           0x00000000        0x0 main.o
 .text          0x00000000        0x0 MCAL/DIO1/DIO_Program.o
 .data          0x00000000        0x0 MCAL/DIO1/DIO_Program.o
 .bss           0x00000000        0x0 MCAL/DIO1/DIO_Program.o
 .text.MDIO_u8SetPortDirection
                0x00000000       0x34 MCAL/DIO1/DIO_Program.o
 .text.MDIO_u8SetPortValue
                0x00000000       0x34 MCAL/DIO1/DIO_Program.o
 .text.MDIO_u8GetPinValue
                0x00000000       0xe2 MCAL/DIO1/DIO_Program.o
 .text.MDIO_u8TogglePinValue
                0x00000000       0x84 MCAL/DIO1/DIO_Program.o
 .text          0x00000000        0x0 MCAL/interrupt/MEXTI.o
 .data          0x00000000        0x0 MCAL/interrupt/MEXTI.o
 .bss           0x00000000        0x0 MCAL/interrupt/MEXTI.o
 .text.GIE_VoidDisable
                0x00000000        0x8 MCAL/interrupt/MEXTI.o
 .text.MEXTI_u8Int1SetCallBack
                0x00000000       0x14 MCAL/interrupt/MEXTI.o
 .text.MEXTI_u8Int2SetCallBack
                0x00000000       0x14 MCAL/interrupt/MEXTI.o
 .text          0x00000000        0x0 MCAL/Timers/Timer1.o
 .data          0x00000000        0x0 MCAL/Timers/Timer1.o
 .bss           0x00000000        0x0 MCAL/Timers/Timer1.o
 .text          0x00000000        0x0 d:/7.0/toolchain/avr8/avr8-gnu-toolchain/bin/../lib/gcc/avr/5.4.0/avr5\libgcc.a(_exit.o)
 .data          0x00000000        0x0 d:/7.0/toolchain/avr8/avr8-gnu-toolchain/bin/../lib/gcc/avr/5.4.0/avr5\libgcc.a(_exit.o)
 .bss           0x00000000        0x0 d:/7.0/toolchain/avr8/avr8-gnu-toolchain/bin/../lib/gcc/avr/5.4.0/avr5\libgcc.a(_exit.o)
 .text.libgcc.mul
                0x00000000        0x0 d:/7.0/toolchain/avr8/avr8-gnu-toolchain/bin/../lib/gcc/avr/5.4.0/avr5\libgcc.a(_exit.o)
 .text.libgcc.div
                0x00000000        0x0 d:/7.0/toolchain/avr8/avr8-gnu-toolchain/bin/../lib/gcc/avr/5.4.0/avr5\libgcc.a(_exit.o)
 .text.libgcc   0x00000000        0x0 d:/7.0/toolchain/avr8/avr8-gnu-toolchain/bin/../lib/gcc/avr/5.4.0/avr5\libgcc.a(_exit.o)
 .text.libgcc.prologue
                0x00000000        0x0 d:/7.0/toolchain/avr8/avr8-gnu-toolchain/bin/../lib/gcc/avr/5.4.0/avr5\libgcc.a(_exit.o)
 .text.libgcc.builtins
                0x00000000        0x0 d:/7.0/toolchain/avr8/avr8-gnu-toolchain/bin/../lib/gcc/avr/5.4.0/avr5\libgcc.a(_exit.o)
 .text.libgcc.fmul
                0x00000000        0x0 d:/7.0/toolchain/avr8/avr8-gnu-toolchain/bin/../lib/gcc/avr/5.4.0/avr5\libgcc.a(_exit.o)
 .text.libgcc.fixed
                0x00000000        0x0 d:/7.0/toolchain/avr8/avr8-gnu-toolchain/bin/../lib/gcc/avr/5.4.0/avr5\libgcc.a(_exit.o)
 .text          0x00000000        0x0 d:/7.0/toolchain/avr8/avr8-gnu-toolchain/bin/../lib/gcc/avr/5.4.0/avr5\libgcc.a(_copy_data.o)
 .data          0x00000000        0x0 d:/7.0/toolchain/avr8/avr8-gnu-toolchain/bin/../lib/gcc/avr/5.4.0/avr5\libgcc.a(_copy_data.o)
 .bss           0x00000000        0x0 d:/7.0/toolchain/avr8/avr8-gnu-toolchain/bin/../lib/gcc/avr/5.4.0/avr5\libgcc.a(_copy_data.o)
 .text.libgcc.mul
                0x00000000        0x0 d:/7.0/toolchain/avr8/avr8-gnu-toolchain/bin/../lib/gcc/avr/5.4.0/avr5\libgcc.a(_copy_data.o)
 .text.libgcc.div
                0x00000000        0x0 d:/7.0/toolchain/avr8/avr8-gnu-toolchain/bin/../lib/gcc/avr/5.4.0/avr5\libgcc.a(_copy_data.o)
 .text.libgcc   0x00000000        0x0 d:/7.0/toolchain/avr8/avr8-gnu-toolchain/bin/../lib/gcc/avr/5.4.0/avr5\libgcc.a(_copy_data.o)
 .text.libgcc.prologue
                0x00000000        0x0 d:/7.0/toolchain/avr8/avr8-gnu-toolchain/bin/../lib/gcc/avr/5.4.0/avr5\libgcc.a(_copy_data.o)
 .text.libgcc.builtins
                0x00000000        0x0 d:/7.0/toolchain/avr8/avr8-gnu-toolchain/bin/../lib/gcc/avr/5.4.0/avr5\libgcc.a(_copy_data.o)
 .text.libgcc.fmul
                0x00000000        0x0 d:/7.0/toolchain/avr8/avr8-gnu-toolchain/bin/../lib/gcc/avr/5.4.0/avr5\libgcc.a(_copy_data.o)
 .text.libgcc.fixed
                0x00000000        0x0 d:/7.0/toolchain/avr8/avr8-gnu-toolchain/bin/../lib/gcc/avr/5.4.0/avr5\libgcc.a(_copy_data.o)
 .text          0x00000000        0x0 d:/7.0/toolchain/avr8/avr8-gnu-toolchain/bin/../lib/gcc/avr/5.4.0/avr5\libgcc.a(_clear_bss.o)
 .data          0x00000000        0x0 d:/7.0/toolchain/avr8/avr8-gnu-toolchain/bin/../lib/gcc/avr/5.4.0/avr5\libgcc.a(_clear_bss.o)
 .bss           0x00000000        0x0 d:/7.0/toolchain/avr8/avr8-gnu-toolchain/bin/../lib/gcc/avr/5.4.0/avr5\libgcc.a(_clear_bss.o)
 .text.libgcc.mul
                0x00000000        0x0 d:/7.0/toolchain/avr8/avr8-gnu-toolchain/bin/../lib/gcc/avr/5.4.0/avr5\libgcc.a(_clear_bss.o)
 .text.libgcc.div
                0x00000000        0x0 d:/7.0/toolchain/avr8/avr8-gnu-toolchain/bin/../lib/gcc/avr/5.4.0/avr5\libgcc.a(_clear_bss.o)
 .text.libgcc   0x00000000        0x0 d:/7.0/toolchain/avr8/avr8-gnu-toolchain/bin/../lib/gcc/avr/5.4.0/avr5\libgcc.a(_clear_bss.o)
 .text.libgcc.prologue
                0x00000000        0x0 d:/7.0/toolchain/avr8/avr8-gnu-toolchain/bin/../lib/gcc/avr/5.4.0/avr5\libgcc.a(_clear_bss.o)
 .text.libgcc.builtins
                0x00000000        0x0 d:/7.0/toolchain/avr8/avr8-gnu-toolchain/bin/../lib/gcc/avr/5.4.0/avr5\libgcc.a(_clear_bss.o)
 .text.libgcc.fmul
                0x00000000        0x0 d:/7.0/toolchain/avr8/avr8-gnu-toolchain/bin/../lib/gcc/avr/5.4.0/avr5\libgcc.a(_clear_bss.o)
 .text.libgcc.fixed
                0x00000000        0x0 d:/7.0/toolchain/avr8/avr8-gnu-toolchain/bin/../lib/gcc/avr/5.4.0/avr5\libgcc.a(_clear_bss.o)

Memory Configuration

Name             Origin             Length             Attributes
text             0x00000000         0x00008000         xr
data             0x00800060         0x00000800         rw !x
eeprom           0x00810000         0x00000400         rw !x
fuse             0x00820000         0x00000002         rw !x
lock             0x00830000         0x00000400         rw !x
signature        0x00840000         0x00000400         rw !x
user_signatures  0x00850000         0x00000400         rw !x
*default*        0x00000000         0xffffffff

Linker script and memory map

LOAD D:/7.0/Packs/atmel/ATmega_DFP/1.7.374/gcc/dev/atmega32a/avr5/crtatmega32a.o
LOAD Aplication/App1.o
LOAD HAL/button/button.o
LOAD HAL/LED/LED.o
LOAD main.o
LOAD MCAL/DIO1/DIO_Program.o
LOAD MCAL/interrupt/MEXTI.o
LOAD MCAL/Timers/Timer1.o
START GROUP
LOAD d:/7.0/toolchain/avr8/avr8-gnu-toolchain/bin/../lib/gcc/avr/5.4.0/../../../../avr/lib/avr5\libm.a
END GROUP
START GROUP
LOAD d:/7.0/toolchain/avr8/avr8-gnu-toolchain/bin/../lib/gcc/avr/5.4.0/avr5\libgcc.a
LOAD d:/7.0/toolchain/avr8/avr8-gnu-toolchain/bin/../lib/gcc/avr/5.4.0/../../../../avr/lib/avr5\libm.a
LOAD d:/7.0/toolchain/avr8/avr8-gnu-toolchain/bin/../lib/gcc/avr/5.4.0/../../../../avr/lib/avr5\libc.a
LOAD D:/7.0/Packs/atmel/ATmega_DFP/1.7.374/gcc/dev/atmega32a/avr5\libatmega32a.a
END GROUP
                [0x00000000]                __TEXT_REGION_ORIGIN__ = DEFINED (__TEXT_REGION_ORIGIN__)?__TEXT_REGION_ORIGIN__:0x0
                [0x00800060]                __DATA_REGION_ORIGIN__ = DEFINED (__DATA_REGION_ORIGIN__)?__DATA_REGION_ORIGIN__:0x800060
                [0x00008000]                __TEXT_REGION_LENGTH__ = DEFINED (__TEXT_REGION_LENGTH__)?__TEXT_REGION_LENGTH__:0x20000
                [0x00000800]                __DATA_REGION_LENGTH__ = DEFINED (__DATA_REGION_LENGTH__)?__DATA_REGION_LENGTH__:0xffa0
                [0x00000400]                __EEPROM_REGION_LENGTH__ = DEFINED (__EEPROM_REGION_LENGTH__)?__EEPROM_REGION_LENGTH__:0x10000
                [0x00000002]                __FUSE_REGION_LENGTH__ = DEFINED (__FUSE_REGION_LENGTH__)?__FUSE_REGION_LENGTH__:0x400
                0x00000400                __LOCK_REGION_LENGTH__ = DEFINED (__LOCK_REGION_LENGTH__)?__LOCK_REGION_LENGTH__:0x400
                0x00000400                __SIGNATURE_REGION_LENGTH__ = DEFINED (__SIGNATURE_REGION_LENGTH__)?__SIGNATURE_REGION_LENGTH__:0x400
                0x00000400                __USER_SIGNATURE_REGION_LENGTH__ = DEFINED (__USER_SIGNATURE_REGION_LENGTH__)?__USER_SIGNATURE_REGION_LENGTH__:0x400

.hash
 *(.hash)

.dynsym
 *(.dynsym)

.dynstr
 *(.dynstr)

.gnu.version
 *(.gnu.version)

.gnu.version_d
 *(.gnu.version_d)

.gnu.version_r
 *(.gnu.version_r)

.rel.init
 *(.rel.init)

.rela.init
 *(.rela.init)

.rel.text
 *(.rel.text)
 *(.rel.text.*)
 *(.rel.gnu.linkonce.t*)

.rela.text
 *(.rela.text)
 *(.rela.text.*)
 *(.rela.gnu.linkonce.t*)

.rel.fini
 *(.rel.fini)

.rela.fini
 *(.rela.fini)

.rel.rodata
 *(.rel.rodata)
 *(.rel.rodata.*)
 *(.rel.gnu.linkonce.r*)

.rela.rodata
 *(.rela.rodata)
 *(.rela.rodata.*)
 *(.rela.gnu.linkonce.r*)

.rel.data
 *(.rel.data)
 *(.rel.data.*)
 *(.rel.gnu.linkonce.d*)

.rela.data
 *(.rela.data)
 *(.rela.data.*)
 *(.rela.gnu.linkonce.d*)

.rel.ctors
 *(.rel.ctors)

.rela.ctors
 *(.rela.ctors)

.rel.dtors
 *(.rel.dtors)

.rela.dtors
 *(.rela.dtors)

.rel.got
 *(.rel.got)

.rela.got
 *(.rela.got)

.rel.bss
 *(.rel.bss)

.rela.bss
 *(.rela.bss)

.rel.plt
 *(.rel.plt)

.rela.plt
 *(.rela.plt)

.text           0x00000000      0x9c8
 *(.vectors)
 .vectors       0x00000000       0x54 D:/7.0/Packs/atmel/ATmega_DFP/1.7.374/gcc/dev/atmega32a/avr5/crtatmega32a.o
                0x00000000                __vector_default
                0x00000000                __vectors
 *(.vectors)
 *(.progmem.gcc*)
                0x00000054                . = ALIGN (0x2)
                0x00000054                __trampolines_start = .
 *(.trampolines)
 .trampolines   0x00000054        0x0 linker stubs
 *(.trampolines*)
                0x00000054                __trampolines_end = .
 *libprintf_flt.a:*(.progmem.data)
 *libc.a:*(.progmem.data)
 *(.progmem*)
                0x00000054                . = ALIGN (0x2)
 *(.jumptables)
 *(.jumptables*)
 *(.lowtext)
 *(.lowtext*)
                0x00000054                __ctors_start = .
 *(.ctors)
                0x00000054                __ctors_end = .
                0x00000054                __dtors_start = .
 *(.dtors)
                0x00000054                __dtors_end = .
 SORT(*)(.ctors)
 SORT(*)(.dtors)
 *(.init0)
 .init0         0x00000054        0x0 D:/7.0/Packs/atmel/ATmega_DFP/1.7.374/gcc/dev/atmega32a/avr5/crtatmega32a.o
                0x00000054                __init
 *(.init0)
 *(.init1)
 *(.init1)
 *(.init2)
 .init2         0x00000054        0xc D:/7.0/Packs/atmel/ATmega_DFP/1.7.374/gcc/dev/atmega32a/avr5/crtatmega32a.o
 *(.init2)
 *(.init3)
 *(.init3)
 *(.init4)
 .init4         0x00000060       0x16 d:/7.0/toolchain/avr8/avr8-gnu-toolchain/bin/../lib/gcc/avr/5.4.0/avr5\libgcc.a(_copy_data.o)
                0x00000060                __do_copy_data
 .init4         0x00000076       0x10 d:/7.0/toolchain/avr8/avr8-gnu-toolchain/bin/../lib/gcc/avr/5.4.0/avr5\libgcc.a(_clear_bss.o)
                0x00000076                __do_clear_bss
 *(.init4)
 *(.init5)
 *(.init5)
 *(.init6)
 *(.init6)
 *(.init7)
 *(.init7)
 *(.init8)
 *(.init8)
 *(.init9)
 .init9         0x00000086        0x8 D:/7.0/Packs/atmel/ATmega_DFP/1.7.374/gcc/dev/atmega32a/avr5/crtatmega32a.o
 *(.init9)
 *(.text)
 .text          0x0000008e        0x4 D:/7.0/Packs/atmel/ATmega_DFP/1.7.374/gcc/dev/atmega32a/avr5/crtatmega32a.o
                0x0000008e                __vector_12
                0x0000008e                __bad_interrupt
                0x0000008e                __vector_6
                0x0000008e                __vector_13
                0x0000008e                __vector_17
                0x0000008e                __vector_19
                0x0000008e                __vector_5
                0x0000008e                __vector_4
                0x0000008e                __vector_15
                0x0000008e                __vector_8
                0x0000008e                __vector_14
                0x0000008e                __vector_16
                0x0000008e                __vector_18
                0x0000008e                __vector_20
                0x00000092                . = ALIGN (0x2)
 *(.text.*)
 .text.timer_ISR
                0x00000092       0xa6 Aplication/App1.o
                0x00000092                timer_ISR
 .text.Button_ISR
                0x00000138       0xc6 Aplication/App1.o
                0x00000138                Button_ISR
 .text.start_App
                0x000001fe       0xac Aplication/App1.o
                0x000001fe                start_App
 .text.HLED_u8inti
                0x000002aa       0x20 HAL/LED/LED.o
                0x000002aa                HLED_u8inti
 .text.main     0x000002ca        0x6 main.o
                0x000002ca                main
 .text.MDIO_u8SetPinDirection
                0x000002d0      0x110 MCAL/DIO1/DIO_Program.o
                0x000002d0                MDIO_u8SetPinDirection
 .text.MDIO_u8SetPinValue
                0x000003e0      0x110 MCAL/DIO1/DIO_Program.o
                0x000003e0                MDIO_u8SetPinValue
 .text.GIE_VoidEnable
                0x000004f0        0x8 MCAL/interrupt/MEXTI.o
                0x000004f0                GIE_VoidEnable
 .text.MEXTI_VoidInterruptIntPostBuild
                0x000004f8      0x126 MCAL/interrupt/MEXTI.o
                0x000004f8                MEXTI_VoidInterruptIntPostBuild
 .text.MEXTI_u8Int0SetCallBack
                0x0000061e       0x14 MCAL/interrupt/MEXTI.o
                0x0000061e                MEXTI_u8Int0SetCallBack
 .text.__vector_1
                0x00000632       0x52 MCAL/interrupt/MEXTI.o
                0x00000632                __vector_1
 .text.__vector_2
                0x00000684       0x52 MCAL/interrupt/MEXTI.o
                0x00000684                __vector_2
 .text.__vector_3
                0x000006d6       0x52 MCAL/interrupt/MEXTI.o
                0x000006d6                __vector_3
 .text.Timer_inti
                0x00000728       0xcc MCAL/Timers/Timer1.o
                0x00000728                Timer_inti
 .text.Timer_setCallBack
                0x000007f4       0x44 MCAL/Timers/Timer1.o
                0x000007f4                Timer_setCallBack
 .text.__vector_11
                0x00000838       0x52 MCAL/Timers/Timer1.o
                0x00000838                __vector_11
 .text.__vector_10
                0x0000088a       0x52 MCAL/Timers/Timer1.o
                0x0000088a                __vector_10
 .text.__vector_9
                0x000008dc       0x52 MCAL/Timers/Timer1.o
                0x000008dc                __vector_9
 .text.__vector_7
                0x0000092e       0x96 MCAL/Timers/Timer1.o
                0x0000092e                __vector_7
                0x000009c4                . = ALIGN (0x2)
 *(.fini9)
 .fini9         0x000009c4        0x0 d:/7.0/toolchain/avr8/avr8-gnu-toolchain/bin/../lib/gcc/avr/5.4.0/avr5\libgcc.a(_exit.o)
                0x000009c4                _exit
                0x000009c4                exit
 *(.fini9)
 *(.fini8)
 *(.fini8)
 *(.fini7)
 *(.fini7)
 *(.fini6)
 *(.fini6)
 *(.fini5)
 *(.fini5)
 *(.fini4)
 *(.fini4)
 *(.fini3)
 *(.fini3)
 *(.fini2)
 *(.fini2)
 *(.fini1)
 *(.fini1)
 *(.fini0)
 .fini0         0x000009c4        0x4 d:/7.0/toolchain/avr8/avr8-gnu-toolchain/bin/../lib/gcc/avr/5.4.0/avr5\libgcc.a(_exit.o)
 *(.fini0)
                0x000009c8                _etext = .

.data           0x00800060        0xc load address 0x000009c8
                0x00800060                PROVIDE (__data_start, .)
 *(.data)
 *(.data*)
 *(.gnu.linkonce.d*)
 *(.rodata)
 .rodata        0x00800060        0xb Aplication/App1.o
 *(.rodata*)
 *(.gnu.linkonce.r*)
                0x0080006c                . = ALIGN (0x2)
 *fill*         0x0080006b        0x1 
                0x0080006c                _edata = .
                0x0080006c                PROVIDE (__data_end, .)

.bss            0x0080006c        0xf
                0x0080006c                PROVIDE (__bss_start, .)
 *(.bss)
 *(.bss*)
 .bss.g_LEDCount
                0x0080006c        0x1 Aplication/App1.o
                0x0080006c                g_LEDCount
 .bss.G_pvInt2Function
                0x0080006d        0x2 MCAL/interrupt/MEXTI.o
 .bss.G_pvInt1Function
                0x0080006f        0x2 MCAL/interrupt/MEXTI.o
 .bss.G_pvInt0Function
                0x00800071        0x2 MCAL/interrupt/MEXTI.o
 .bss.localcounter
                0x00800073        0x4 MCAL/Timers/Timer1.o
                0x00800073                localcounter
 .bss.gP_Timer1callBackPtr
                0x00800077        0x2 MCAL/Timers/Timer1.o
 .bss.gP_Timer0callBackPtr
                0x00800079        0x2 MCAL/Timers/Timer1.o
 *(COMMON)
                0x0080007b                PROVIDE (__bss_end, .)
                0x000009c8                __data_load_start = LOADADDR (.data)
                0x000009d4                __data_load_end = (__data_load_start + SIZEOF (.data))

.noinit         0x0080007b        0x0
                [!provide]                PROVIDE (__noinit_start, .)
 *(.noinit*)
                [!provide]                PROVIDE (__noinit_end, .)
                0x0080007b                _end = .
                [!provide]                PROVIDE (__heap_start, .)

.eeprom         0x00810000        0x0
 *(.eeprom*)
                0x00810000                __eeprom_end = .

.fuse
 *(.fuse)
 *(.lfuse)
 *(.hfuse)
 *(.efuse)

.lock
 *(.lock*)

.signature
 *(.signature*)

.user_signatures
 *(.user_signatures*)

.stab
 *(.stab)

.stabstr
 *(.stabstr)

.stab.excl
 *(.stab.excl)

.stab.exclstr
 *(.stab.exclstr)

.stab.index
 *(.stab.index)

.stab.indexstr
 *(.stab.indexstr)

.comment        0x00000000       0x30
 *(.comment)
 .comment       0x00000000       0x30 Aplication/App1.o
                                 0x31 (size before relaxing)
 .comment       0x00000030       0x31 HAL/LED/LED.o
 .comment       0x00000030       0x31 main.o
 .comment       0x00000030       0x31 MCAL/DIO1/DIO_Program.o
 .comment       0x00000030       0x31 MCAL/interrupt/MEXTI.o
 .comment       0x00000030       0x31 MCAL/Timers/Timer1.o

.note.gnu.avr.deviceinfo
                0x00000000       0x3c
 .note.gnu.avr.deviceinfo
                0x00000000       0x3c D:/7.0/Packs/atmel/ATmega_DFP/1.7.374/gcc/dev/atmega32a/avr5/crtatmega32a.o

.note.gnu.build-id
 *(.note.gnu.build-id)

.debug
 *(.debug)

.line
 *(.line)

.debug_srcinfo
 *(.debug_srcinfo)

.debug_sfnames
 *(.debug_sfnames)

.debug_aranges  0x00000000      0x178
 *(.debug_aranges)
 .debug_aranges
                0x00000000       0x30 Aplication/App1.o
 .debug_aranges
                0x00000030       0x38 HAL/LED/LED.o
 .debug_aranges
                0x00000068       0x20 main.o
 .debug_aranges
                0x00000088       0x48 MCAL/DIO1/DIO_Program.o
 .debug_aranges
                0x000000d0       0x60 MCAL/interrupt/MEXTI.o
 .debug_aranges
                0x00000130       0x48 MCAL/Timers/Timer1.o

.debug_pubnames
 *(.debug_pubnames)

.debug_info     0x00000000     0x1566
 *(.debug_info .gnu.linkonce.wi.*)
 .debug_info    0x00000000      0x4e6 D:/7.0/Packs/atmel/ATmega_DFP/1.7.374/gcc/dev/atmega32a/avr5/crtatmega32a.o
 .debug_info    0x000004e6      0x688 Aplication/App1.o
 .debug_info    0x00000b6e      0x1fa HAL/LED/LED.o
 .debug_info    0x00000d68       0xa6 main.o
 .debug_info    0x00000e0e      0x25d MCAL/DIO1/DIO_Program.o
 .debug_info    0x0000106b      0x233 MCAL/interrupt/MEXTI.o
 .debug_info    0x0000129e      0x2c8 MCAL/Timers/Timer1.o

.debug_abbrev   0x00000000      0x98d
 *(.debug_abbrev)
 .debug_abbrev  0x00000000      0x4a3 D:/7.0/Packs/atmel/ATmega_DFP/1.7.374/gcc/dev/atmega32a/avr5/crtatmega32a.o
 .debug_abbrev  0x000004a3      0x124 Aplication/App1.o
 .debug_abbrev  0x000005c7       0xce HAL/LED/LED.o
 .debug_abbrev  0x00000695       0x68 main.o
 .debug_abbrev  0x000006fd       0x9a MCAL/DIO1/DIO_Program.o
 .debug_abbrev  0x00000797       0xde MCAL/interrupt/MEXTI.o
 .debug_abbrev  0x00000875      0x118 MCAL/Timers/Timer1.o

.debug_line     0x00000000      0xead
 *(.debug_line .debug_line.* .debug_line_end)
 .debug_line    0x00000000      0x116 D:/7.0/Packs/atmel/ATmega_DFP/1.7.374/gcc/dev/atmega32a/avr5/crtatmega32a.o
 .debug_line    0x00000116      0x28c Aplication/App1.o
 .debug_line    0x000003a2      0x18b HAL/LED/LED.o
 .debug_line    0x0000052d       0x59 main.o
 .debug_line    0x00000586      0x423 MCAL/DIO1/DIO_Program.o
 .debug_line    0x000009a9      0x27d MCAL/interrupt/MEXTI.o
 .debug_line    0x00000c26      0x287 MCAL/Timers/Timer1.o

.debug_frame    0x00000000      0x450
 *(.debug_frame)
 .debug_frame   0x00000000       0x54 Aplication/App1.o
 .debug_frame   0x00000054       0x54 HAL/LED/LED.o
 .debug_frame   0x000000a8       0x24 main.o
 .debug_frame   0x000000cc       0x74 MCAL/DIO1/DIO_Program.o
 .debug_frame   0x00000140      0x17c MCAL/interrupt/MEXTI.o
 .debug_frame   0x000002bc      0x194 MCAL/Timers/Timer1.o

.debug_str      0x00000000      0x82d
 *(.debug_str)
 .debug_str     0x00000000      0x196 D:/7.0/Packs/atmel/ATmega_DFP/1.7.374/gcc/dev/atmega32a/avr5/crtatmega32a.o
 .debug_str     0x00000196      0x325 Aplication/App1.o
                                0x353 (size before relaxing)
 .debug_str     0x000004bb       0xbc HAL/LED/LED.o
                                0x21f (size before relaxing)
 .debug_str     0x00000577       0x11 main.o
                                0x171 (size before relaxing)
 .debug_str     0x00000588       0xd5 MCAL/DIO1/DIO_Program.o
                                0x27e (size before relaxing)
 .debug_str     0x0000065d       0xfd MCAL/interrupt/MEXTI.o
                                0x29a (size before relaxing)
 .debug_str     0x0000075a       0xd3 MCAL/Timers/Timer1.o
                                0x34f (size before relaxing)

.debug_loc      0x00000000     0x1187
 *(.debug_loc)
 .debug_loc     0x00000000       0x47 Aplication/App1.o
 .debug_loc     0x00000047      0x194 HAL/LED/LED.o
 .debug_loc     0x000001db      0x5fe MCAL/DIO1/DIO_Program.o
 .debug_loc     0x000007d9      0x512 MCAL/interrupt/MEXTI.o
 .debug_loc     0x00000ceb      0x49c MCAL/Timers/Timer1.o

.debug_macinfo
 *(.debug_macinfo)

.debug_weaknames
 *(.debug_weaknames)

.debug_funcnames
 *(.debug_funcnames)

.debug_typenames
 *(.debug_typenames)

.debug_varnames
 *(.debug_varnames)

.debug_pubtypes
 *(.debug_pubtypes)

.debug_ranges   0x00000000      0x118
 *(.debug_ranges)
 .debug_ranges  0x00000000       0x20 Aplication/App1.o
 .debug_ranges  0x00000020       0x28 HAL/LED/LED.o
 .debug_ranges  0x00000048       0x10 main.o
 .debug_ranges  0x00000058       0x38 MCAL/DIO1/DIO_Program.o
 .debug_ranges  0x00000090       0x50 MCAL/interrupt/MEXTI.o
 .debug_ranges  0x000000e0       0x38 MCAL/Timers/Timer1.o

.debug_macro
 *(.debug_macro)
OUTPUT(traffic.elf elf32-avr)
LOAD linker stubs
